
> luoa-oj-frontend@0.1.0 build
> tsc -b && vite build

vite v6.4.3 building for production...
transforming...
✓ 3546 modules transformed.
rendering chunks...
computing gzip size...
dist/index.html                                           0.80 kB │ gzip:   0.43 kB
dist/assets/KaTeX_Size3-Regular-CTq5MqoE.woff             4.42 kB
dist/assets/KaTeX_Size4-Regular-Dl5lxZxV.woff2            4.93 kB
dist/assets/KaTeX_Size2-Regular-Dy4dx90m.woff2            5.21 kB
dist/assets/KaTeX_Size1-Regular-mCD8mA8B.woff2            5.47 kB
dist/assets/KaTeX_Size4-Regular-BF-4gkZK.woff             5.98 kB
dist/assets/KaTeX_Size2-Regular-oD1tc_U0.woff             6.19 kB
dist/assets/KaTeX_Size1-Regular-C195tn64.woff             6.50 kB
dist/assets/KaTeX_Caligraphic-Regular-Di6jR-x-.woff2      6.91 kB
dist/assets/KaTeX_Caligraphic-Bold-Dq_IR9rO.woff2         6.91 kB
dist/assets/KaTeX_Size3-Regular-DgpXs0kz.ttf              7.59 kB
dist/assets/KaTeX_Caligraphic-Regular-CTRA-rTL.woff       7.66 kB
dist/assets/KaTeX_Caligraphic-Bold-BEiXGLvX.woff          7.72 kB
dist/assets/KaTeX_Script-Regular-D3wIWfF6.woff2           9.64 kB
dist/assets/KaTeX_SansSerif-Regular-DDBCnlJ7.woff2       10.34 kB
dist/assets/KaTeX_Size4-Regular-DWFBv043.ttf             10.36 kB
dist/assets/KaTeX_Script-Regular-D5yQViql.woff           10.59 kB
dist/assets/KaTeX_Fraktur-Regular-CTYiF6lA.woff2         11.32 kB
dist/assets/KaTeX_Fraktur-Bold-CL6g_b3V.woff2            11.35 kB
dist/assets/KaTeX_Size2-Regular-B7gKUWhC.ttf             11.51 kB
dist/assets/KaTeX_SansSerif-Italic-C3H0VqGB.woff2        12.03 kB
dist/assets/KaTeX_SansSerif-Bold-D1sUS0GD.woff2          12.22 kB
dist/assets/KaTeX_Size1-Regular-Dbsnue_I.ttf             12.23 kB
dist/assets/KaTeX_SansSerif-Regular-CS6fqUqJ.woff        12.32 kB
dist/assets/KaTeX_Caligraphic-Regular-wX97UBjC.ttf       12.34 kB
dist/assets/KaTeX_Caligraphic-Bold-ATXxdsX0.ttf          12.37 kB
dist/assets/KaTeX_Fraktur-Regular-Dxdc4cR9.woff          13.21 kB
dist/assets/KaTeX_Fraktur-Bold-BsDP51OF.woff             13.30 kB
dist/assets/KaTeX_Typewriter-Regular-CO6r4hn1.woff2      13.57 kB
dist/assets/KaTeX_SansSerif-Italic-DN2j7dab.woff         14.11 kB
dist/assets/KaTeX_SansSerif-Bold-DbIhKOiC.woff           14.41 kB
dist/assets/KaTeX_Typewriter-Regular-C0xS9mPB.woff       16.03 kB
dist/assets/KaTeX_Math-BoldItalic-CZnvNsCZ.woff2         16.40 kB
dist/assets/KaTeX_Math-Italic-t53AETM-.woff2             16.44 kB
dist/assets/KaTeX_Script-Regular-C5JkGWo-.ttf            16.65 kB
dist/assets/KaTeX_Main-BoldItalic-DxDJ3AOS.woff2         16.78 kB
dist/assets/KaTeX_Main-Italic-NWA7e6Wa.woff2             16.99 kB
dist/assets/KaTeX_Math-BoldItalic-iY-2wyZ7.woff          18.67 kB
dist/assets/KaTeX_Math-Italic-DA0__PXp.woff              18.75 kB
dist/assets/KaTeX_Main-BoldItalic-SpSLRI95.woff          19.41 kB
dist/assets/KaTeX_SansSerif-Regular-BNo7hRIc.ttf         19.44 kB
dist/assets/KaTeX_Fraktur-Regular-CB_wures.ttf           19.57 kB
dist/assets/KaTeX_Fraktur-Bold-BdnERNNW.ttf              19.58 kB
dist/assets/KaTeX_Main-Italic-BMLOBm91.woff              19.68 kB
dist/assets/KaTeX_SansSerif-Italic-YYjJ1zSn.ttf          22.36 kB
dist/assets/KaTeX_SansSerif-Bold-CFMepnvq.ttf            24.50 kB
dist/assets/KaTeX_Main-Bold-Cx986IdX.woff2               25.32 kB
dist/assets/KaTeX_Main-Regular-B22Nviop.woff2            26.27 kB
dist/assets/KaTeX_Typewriter-Regular-D3Ib7_Hf.ttf        27.56 kB
dist/assets/KaTeX_AMS-Regular-BQhdFMY1.woff2             28.08 kB
dist/assets/KaTeX_Main-Bold-Jm3AIy58.woff                29.91 kB
dist/assets/KaTeX_Main-Regular-Dr94JaBh.woff             30.77 kB
dist/assets/KaTeX_Math-BoldItalic-B3XSjfu4.ttf           31.20 kB
dist/assets/KaTeX_Math-Italic-flOr_0UB.ttf               31.31 kB
dist/assets/KaTeX_Main-BoldItalic-DzxPMmG6.ttf           32.97 kB
dist/assets/KaTeX_AMS-Regular-DMm9YOAa.woff              33.52 kB
dist/assets/KaTeX_Main-Italic-3WenGoN9.ttf               33.58 kB
dist/assets/KaTeX_Main-Bold-waoOVXN0.ttf                 51.34 kB
dist/assets/KaTeX_Main-Regular-ypZvNtVU.ttf              53.58 kB
dist/assets/KaTeX_AMS-Regular-DRggAlZN.ttf               63.63 kB
dist/assets/editor.worker-BCzxt1at.js                   232.35 kB
dist/assets/index-CVG0p4iZ.css                            1.63 kB │ gzip:   0.77 kB
dist/assets/Markdown-DbNfxbu3.css                        31.56 kB │ gzip:   8.67 kB
dist/assets/CodeEditor-DyX1CsEw.css                      68.26 kB │ gzip:  11.14 kB
dist/assets/difficulty-C7DqcObs.js                        0.18 kB │ gzip:   0.18 kB
dist/assets/accents-CnL6nPQc.js                           0.20 kB │ gzip:   0.14 kB
dist/assets/contestRule-DOdArYHN.js                       0.52 kB │ gzip:   0.33 kB
dist/assets/ConfirmDialog-VRUq2eAL.js                     0.57 kB │ gzip:   0.39 kB
dist/assets/PageHeader-DdWuc5UK.js                        0.67 kB │ gzip:   0.41 kB
dist/assets/NotFoundPage-Dc-T_8nq.js                      0.67 kB │ gzip:   0.48 kB
dist/assets/ScoreboardTable-YS_qgsGJ.js                   0.70 kB │ gzip:   0.43 kB
dist/assets/StatusChip-CJ8wdZ06.js                        1.06 kB │ gzip:   0.71 kB
dist/assets/javascript-DBBV-5KC.js                        1.30 kB │ gzip:   0.68 kB
dist/assets/homepage-CVleJtdY.js                          1.45 kB │ gzip:   0.86 kB
dist/assets/ProblemFilesPage-CJ8D_miB.js                  1.53 kB │ gzip:   0.86 kB
dist/assets/ProblemStatsPage-Bkg89i-H.js                  1.55 kB │ gzip:   0.87 kB
dist/assets/StatusPage-q_cHxTBu.js                        1.62 kB │ gzip:   0.89 kB
dist/assets/HackPage-CxgSlxET.js                          2.11 kB │ gzip:   1.23 kB
dist/assets/HomeworkListPage-CDbAcndE.js                  2.32 kB │ gzip:   1.22 kB
dist/assets/TrainingListPage-DWsyEZq9.js                  2.80 kB │ gzip:   1.49 kB
dist/assets/go-Cphgjts3.js                                2.90 kB │ gzip:   1.29 kB
dist/assets/DiscussionListPage-0jkfKhYD.js                3.12 kB │ gzip:   1.66 kB
dist/assets/pascal-CXOwvkN_.js                            3.24 kB │ gzip:   1.54 kB
dist/assets/shell-CX-rkNHf.js                             3.32 kB │ gzip:   1.35 kB
dist/assets/AboutPage-iS_IgWMV.js                         3.35 kB │ gzip:   1.64 kB
dist/assets/r-CdQndTaG.js                                 3.38 kB │ gzip:   1.42 kB
dist/assets/LoginPage-DsWQ5S7H.js                         3.44 kB │ gzip:   1.74 kB
dist/assets/java-B_fMsGYe.js                              3.47 kB │ gzip:   1.55 kB
dist/assets/kotlin-BSkB5QuD.js                            3.69 kB │ gzip:   1.63 kB
dist/assets/RankingPage-BQ5INBog.js                       3.77 kB │ gzip:   1.90 kB
dist/assets/HomeworkDetailPage-DbKftcc5.js                4.24 kB │ gzip:   1.89 kB
dist/assets/rust-D5C2fndG.js                              4.41 kB │ gzip:   1.97 kB
dist/assets/TrainingDetailPage-DQB-Nq2_.js                4.48 kB │ gzip:   1.99 kB
dist/assets/python-CRYkRNCA.js                            4.57 kB │ gzip:   1.89 kB
dist/assets/csharp-dUCx_-0o.js                            4.77 kB │ gzip:   1.87 kB
dist/assets/SecurityPage-UM8HiX6U.js                      5.05 kB │ gzip:   2.18 kB
dist/assets/ProblemPage-DO53DMRL.js                       5.26 kB │ gzip:   2.21 kB
dist/assets/RecordsPage-sGJr5LqI.js                       5.26 kB │ gzip:   2.36 kB
dist/assets/cpp-CLLBncYj.js                               5.55 kB │ gzip:   2.24 kB
dist/assets/typescript-1hYVyIij.js                        5.78 kB │ gzip:   2.38 kB
dist/assets/ContestsPage-DThr6E_U.js                      6.29 kB │ gzip:   2.72 kB
dist/assets/MessagesPage-WTOPQo6a.js                      6.42 kB │ gzip:   2.74 kB
dist/assets/SettingsPage-ypsGTVm8.js                      6.87 kB │ gzip:   2.90 kB
dist/assets/ProblemSolutionsPage-Cf7crCiK.js              7.03 kB │ gzip:   2.52 kB
dist/assets/AccountSettingsPage-6R3Z76GF.js               7.31 kB │ gzip:   3.34 kB
dist/assets/php-CpIb_Oan.js                               8.27 kB │ gzip:   2.22 kB
dist/assets/ProblemListPage-BwksRbug.js                   8.31 kB │ gzip:   3.23 kB
dist/assets/ruby-Cp1zYvxS.js                              8.75 kB │ gzip:   2.73 kB
dist/assets/DiscussionDetailPage-CewJvkrt.js              9.01 kB │ gzip:   3.03 kB
dist/assets/SubmitPage-C6UugGms.js                        9.08 kB │ gzip:   4.03 kB
dist/assets/HomePage-qchq0SFe.js                         10.28 kB │ gzip:   3.92 kB
dist/assets/RecordDetailPage-DfFjQ7TS.js                 10.51 kB │ gzip:   4.37 kB
dist/assets/UserPage-pUxz4BSV.js                         11.46 kB │ gzip:   4.35 kB
dist/assets/ContestDetailPage-BepO26zT.js                12.65 kB │ gzip:   4.70 kB
dist/assets/ManagementPage-Da_gJVZa.js                   14.18 kB │ gzip:   5.60 kB
dist/assets/icons-5qtDcuCW.js                            35.20 kB │ gzip:   7.41 kB
dist/assets/scrape-CYhmwNHF.js                           36.13 kB │ gzip:  11.76 kB
dist/assets/router-zkEFJgJX.js                           51.98 kB │ gzip:  18.40 kB
dist/assets/markdown-DnrY_71V.js                        118.77 kB │ gzip:  36.69 kB
dist/assets/index-BpumSKpO.js                           219.67 kB │ gzip:  70.02 kB
dist/assets/mui-BaBBaUg6.js                             380.42 kB │ gzip: 112.66 kB
dist/assets/Markdown-BeY2sMsI.js                        481.97 kB │ gzip: 149.52 kB
dist/assets/CodeEditor-Bj8rHy8j.js                    2,318.80 kB │ gzip: 603.01 kB
✓ built in 13.20s
